00:36.453  render           | Saved: 'C:\Evidence\verification-output\パッケージ\Native025_EP01_SC010_C001_T01_V001\render\shadow\C001_SHADOW_0001.png'
00:36.453  render           | Saved: 'C:\Evidence\verification-output\パッケージ\Native025_EP01_SC010_C001_T01_V001\render\line\C001_LINE_0001.png'
00:36.469  render           | Saved: 'C:\Evidence\verification-output\パッケージ\Native025_EP01_SC010_C001_T01_V001\render\beauty\C001_BEAUTY_0001.png'
00:36.515  render           | Saved: 'C:\Evidence\verification-output\パッケージ\Native025_EP01_SC010_C001_T01_V001\render\depth\C001_DEPTH_0001.exr'
00:36.531  render           | Saved: 'C:\Evidence\verification-output\tmp\main-render-0001.png'
00:36.953  render           | Saved: 'C:\Evidence\verification-output\パッケージ\Native025_EP01_SC010_C001_T01_V001\render\depth\C001_DEPTH_0002.exr'
00:36.969  render           | Saved: 'C:\Evidence\verification-output\パッケージ\Native025_EP01_SC010_C001_T01_V001\render\shadow\C001_SHADOW_0002.png'
00:36.969  render           | Saved: 'C:\Evidence\verification-output\パッケージ\Native025_EP01_SC010_C001_T01_V001\render\line\C001_LINE_0002.png'
00:36.984  render           | Saved: 'C:\Evidence\verification-output\パッケージ\Native025_EP01_SC010_C001_T01_V001\render\beauty\C001_BEAUTY_0002.png'
00:37.000  render           | Saved: 'C:\Evidence\verification-output\tmp\main-render-0002.png'
00:37.406  render           | Saved: 'C:\Evidence\verification-output\パッケージ\Native025_EP01_SC010_C001_T01_V001\render\depth\C001_DEPTH_0003.exr'
00:37.422  render           | Saved: 'C:\Evidence\verification-output\パッケージ\Native025_EP01_SC010_C001_T01_V001\render\shadow\C001_SHADOW_0003.png'
00:37.422  render           | Saved: 'C:\Evidence\verification-output\パッケージ\Native025_EP01_SC010_C001_T01_V001\render\line\C001_LINE_0003.png'
00:37.453  render           | Saved: 'C:\Evidence\verification-output\パッケージ\Native025_EP01_SC010_C001_T01_V001\render\beauty\C001_BEAUTY_0003.png'
00:37.453  render           | Saved: 'C:\Evidence\verification-output\tmp\main-render-0003.png'
00:38.172  render           | Saved: 'C:\Evidence\verification-output\パッケージ\Native025_EP01_SC010_C001_T01_V002\render\depth\C001_DEPTH_0001.exr'
00:38.172  render           | Saved: 'C:\Evidence\verification-output\パッケージ\Native025_EP01_SC010_C001_T01_V002\render\shadow\C001_SHADOW_0001.png'
00:38.187  render           | Saved: 'C:\Evidence\verification-output\パッケージ\Native025_EP01_SC010_C001_T01_V002\render\line\C001_LINE_0001.png'
00:38.203  render           | Saved: 'C:\Evidence\verification-output\パッケージ\Native025_EP01_SC010_C001_T01_V002\render\beauty\C001_BEAUTY_0001.png'
00:38.203  render           | Saved: 'C:\Evidence\verification-output\tmp\main-render-0001.png'
00:38.609  render           | Saved: 'C:\Evidence\verification-output\パッケージ\Native025_EP01_SC010_C001_T01_V002\render\depth\C001_DEPTH_0002.exr'
00:38.625  render           | Saved: 'C:\Evidence\verification-output\パッケージ\Native025_EP01_SC010_C001_T01_V002\render\shadow\C001_SHADOW_0002.png'
00:38.625  render           | Saved: 'C:\Evidence\verification-output\パッケージ\Native025_EP01_SC010_C001_T01_V002\render\beauty\C001_BEAUTY_0002.png'
00:38.640  render           | Saved: 'C:\Evidence\verification-output\パッケージ\Native025_EP01_SC010_C001_T01_V002\render\line\C001_LINE_0002.png'
00:38.656  render           | Saved: 'C:\Evidence\verification-output\tmp\main-render-0002.png'
00:39.031  render           | Saved: 'C:\Evidence\verification-output\パッケージ\Native025_EP01_SC010_C001_T01_V002\render\shadow\C001_SHADOW_0003.png'
00:39.078  render           | Saved: 'C:\Evidence\verification-output\パッケージ\Native025_EP01_SC010_C001_T01_V002\render\depth\C001_DEPTH_0003.exr'
00:39.094  render           | Saved: 'C:\Evidence\verification-output\パッケージ\Native025_EP01_SC010_C001_T01_V002\render\line\C001_LINE_0003.png'
00:39.109  render           | Saved: 'C:\Evidence\verification-output\パッケージ\Native025_EP01_SC010_C001_T01_V002\render\beauty\C001_BEAUTY_0003.png'
00:39.125  render           | Saved: 'C:\Evidence\verification-output\tmp\main-render-0003.png'
00:39.797  render           | Saved: 'C:\Evidence\verification-output\パッケージ\Native025_EP01_SC010_C001_T01_V003\render\shadow\C001_SHADOW_0001.png'
00:39.844  render           | Saved: 'C:\Evidence\verification-output\パッケージ\Native025_EP01_SC010_C001_T01_V003\render\depth\C001_DEPTH_0001.exr'
00:39.844  render           | Saved: 'C:\Evidence\verification-output\パッケージ\Native025_EP01_SC010_C001_T01_V003\render\beauty\C001_BEAUTY_0001.png'
00:39.859  render           | Saved: 'C:\Evidence\verification-output\パッケージ\Native025_EP01_SC010_C001_T01_V003\render\line\C001_LINE_0001.png'
00:39.859  render           | Saved: 'C:\Evidence\verification-output\tmp\main-render-0001.png'
00:40.219  render           | Saved: 'C:\Evidence\verification-output\パッケージ\Native025_EP01_SC010_C001_T01_V003\render\beauty\C001_BEAUTY_0002.png'
00:40.234  render           | Saved: 'C:\Evidence\verification-output\パッケージ\Native025_EP01_SC010_C001_T01_V003\render\shadow\C001_SHADOW_0002.png'
00:40.281  render           | Saved: 'C:\Evidence\verification-output\パッケージ\Native025_EP01_SC010_C001_T01_V003\render\depth\C001_DEPTH_0002.exr'
00:40.312  render           | Saved: 'C:\Evidence\verification-output\パッケージ\Native025_EP01_SC010_C001_T01_V003\render\line\C001_LINE_0002.png'
00:40.312  render           | Saved: 'C:\Evidence\verification-output\tmp\main-render-0002.png'
00:40.672  render           | Saved: 'C:\Evidence\verification-output\パッケージ\Native025_EP01_SC010_C001_T01_V003\render\shadow\C001_SHADOW_0003.png'
00:40.719  render           | Saved: 'C:\Evidence\verification-output\パッケージ\Native025_EP01_SC010_C001_T01_V003\render\depth\C001_DEPTH_0003.exr'
00:40.734  render           | Saved: 'C:\Evidence\verification-output\パッケージ\Native025_EP01_SC010_C001_T01_V003\render\beauty\C001_BEAUTY_0003.png'
00:40.734  render           | Saved: 'C:\Evidence\verification-output\パッケージ\Native025_EP01_SC010_C001_T01_V003\render\line\C001_LINE_0003.png'
00:40.750  render           | Saved: 'C:\Evidence\verification-output\tmp\main-render-0003.png'
02:56.687  operator         | Saved "native025-V003.blend"
03:28.437  blend            | Saved session recovery to "C:\Evidence\verification-output/tmp\quit.blend"
Info: Saved as "native025-V001.blend"

=== CutBridge Validation ===
[WARNING] HANDOFF_PRODUCER_ONLY: 3D handoff is enabled for supported perspective Camera and marked Empty samples; After Effects can reconstruct these as Camera and 3D Null layers. Fix: Use only supported camera/marker settings and verify reconstruction with Build and QC in the exact After Effects host being used.
============================

Warning: CutBridge: valid with 1 warning(s). Warning: 3D handoff is enabled for supported perspective Camera and marked Empty samples; After Effects can reconstruct these as Camera and 3D Null layers. Why: The workflow may continue, but this condition can affect the result. Can I continue? Yes, after reviewing the consequence. Fix: Use only supported camera/marker settings and verify reconstruction with Build and QC in the exact After Effects host being used. [EN] 3D handoff is enabled for supported perspective Camera and marked Empty samples; After Effects can reconstruct these as Camera and 3D Null layers. Fix: Use only supported camera/marker settings and verify reconstruction with Build and QC in the exact After Effects host being used.
CutBridge package: C:\Evidence\verification-output\パッケージ\Native025_EP01_SC010_C001_T01_V001
Info: CutBridge package created: C:\Evidence\verification-output\パッケージ\Native025_EP01_SC010_C001_T01_V001\cutbridge.json
Error: Existing Package Is Protected: This version already contains render/user data, so Build Package will not overwrite it. Why: CutBridge protects completed or in-progress package payload from destructive same-version rebuilds. Can I continue? Yes for rendering the already-built package; no for rebuilding this same version. Fix: Continue Render Animation without Build Package, or increment Version for a new revision. [EN] Package Native025_EP01_SC010_C001_T01_V001 contains render/user data (render/beauty/C001_BEAUTY_0001.png) and will not be overwritten. Fix: For a new revision, increment Version. To keep rendering this already-built version, do not run Build Package again.
Info: Saved as "native025-V002.blend"

=== CutBridge Validation ===
[WARNING] HANDOFF_PRODUCER_ONLY: 3D handoff is enabled for supported perspective Camera and marked Empty samples; After Effects can reconstruct these as Camera and 3D Null layers. Fix: Use only supported camera/marker settings and verify reconstruction with Build and QC in the exact After Effects host being used.
============================

Warning: CutBridge: valid with 1 warning(s). Warning: 3D handoff is enabled for supported perspective Camera and marked Empty samples; After Effects can reconstruct these as Camera and 3D Null layers. Why: The workflow may continue, but this condition can affect the result. Can I continue? Yes, after reviewing the consequence. Fix: Use only supported camera/marker settings and verify reconstruction with Build and QC in the exact After Effects host being used. [EN] 3D handoff is enabled for supported perspective Camera and marked Empty samples; After Effects can reconstruct these as Camera and 3D Null layers. Fix: Use only supported camera/marker settings and verify reconstruction with Build and QC in the exact After Effects host being used.
CutBridge package: C:\Evidence\verification-output\パッケージ\Native025_EP01_SC010_C001_T01_V002
Info: CutBridge package created: C:\Evidence\verification-output\パッケージ\Native025_EP01_SC010_C001_T01_V002\cutbridge.json
Error: Existing Package Is Protected: This version already contains render/user data, so Build Package will not overwrite it. Why: CutBridge protects completed or in-progress package payload from destructive same-version rebuilds. Can I continue? Yes for rendering the already-built package; no for rebuilding this same version. Fix: Continue Render Animation without Build Package, or increment Version for a new revision. [EN] Package Native025_EP01_SC010_C001_T01_V002 contains render/user data (render/beauty/C001_BEAUTY_0001.png) and will not be overwritten. Fix: For a new revision, increment Version. To keep rendering this already-built version, do not run Build Package again.
Info: Saved as "native025-V003.blend"

=== CutBridge Validation ===
[WARNING] HANDOFF_PRODUCER_ONLY: 3D handoff is enabled for supported perspective Camera and marked Empty samples; After Effects can reconstruct these as Camera and 3D Null layers. Fix: Use only supported camera/marker settings and verify reconstruction with Build and QC in the exact After Effects host being used.
============================

Warning: CutBridge: valid with 1 warning(s). Warning: 3D handoff is enabled for supported perspective Camera and marked Empty samples; After Effects can reconstruct these as Camera and 3D Null layers. Why: The workflow may continue, but this condition can affect the result. Can I continue? Yes, after reviewing the consequence. Fix: Use only supported camera/marker settings and verify reconstruction with Build and QC in the exact After Effects host being used. [EN] 3D handoff is enabled for supported perspective Camera and marked Empty samples; After Effects can reconstruct these as Camera and 3D Null layers. Fix: Use only supported camera/marker settings and verify reconstruction with Build and QC in the exact After Effects host being used.
CutBridge package: C:\Evidence\verification-output\パッケージ\Native025_EP01_SC010_C001_T01_V003
Info: CutBridge package created: C:\Evidence\verification-output\パッケージ\Native025_EP01_SC010_C001_T01_V003\cutbridge.json
Error: Existing Package Is Protected: This version already contains render/user data, so Build Package will not overwrite it. Why: CutBridge protects completed or in-progress package payload from destructive same-version rebuilds. Can I continue? Yes for rendering the already-built package; no for rebuilding this same version. Fix: Continue Render Animation without Build Package, or increment Version for a new revision. [EN] Package Native025_EP01_SC010_C001_T01_V003 contains render/user data (render/beauty/C001_BEAUTY_0001.png) and will not be overwritten. Fix: For a new revision, increment Version. To keep rendering this already-built version, do not run Build Package again.
Info: Saved as "native025-V003.blend"

Blender quit
