00:39.797  render           | Saved: 'C:\Evidence\verification-output\パッケージ\Native025_EP01_SC010_C001_T01_V001\render\shadow\C001_SHADOW_0001.png'
00:39.813  render           | Saved: 'C:\Evidence\verification-output\パッケージ\Native025_EP01_SC010_C001_T01_V001\render\line\C001_LINE_0001.png'
00:39.828  render           | Saved: 'C:\Evidence\verification-output\パッケージ\Native025_EP01_SC010_C001_T01_V001\render\beauty\C001_BEAUTY_0001.png'
00:39.875  render           | Saved: 'C:\Evidence\verification-output\パッケージ\Native025_EP01_SC010_C001_T01_V001\render\depth\C001_DEPTH_0001.exr'
00:39.891  render           | Saved: 'C:\tmp\0001.png'
00:40.375  render           | Saved: 'C:\Evidence\verification-output\パッケージ\Native025_EP01_SC010_C001_T01_V001\render\depth\C001_DEPTH_0002.exr'
00:40.391  render           | Saved: 'C:\Evidence\verification-output\パッケージ\Native025_EP01_SC010_C001_T01_V001\render\shadow\C001_SHADOW_0002.png'
00:40.406  render           | Saved: 'C:\Evidence\verification-output\パッケージ\Native025_EP01_SC010_C001_T01_V001\render\line\C001_LINE_0002.png'
00:40.422  render           | Saved: 'C:\Evidence\verification-output\パッケージ\Native025_EP01_SC010_C001_T01_V001\render\beauty\C001_BEAUTY_0002.png'
00:40.422  render           | Saved: 'C:\tmp\0002.png'
00:40.922  render           | Saved: 'C:\Evidence\verification-output\パッケージ\Native025_EP01_SC010_C001_T01_V001\render\depth\C001_DEPTH_0003.exr'
00:40.922  render           | Saved: 'C:\Evidence\verification-output\パッケージ\Native025_EP01_SC010_C001_T01_V001\render\shadow\C001_SHADOW_0003.png'
00:40.938  render           | Saved: 'C:\Evidence\verification-output\パッケージ\Native025_EP01_SC010_C001_T01_V001\render\line\C001_LINE_0003.png'
00:40.953  render           | Saved: 'C:\Evidence\verification-output\パッケージ\Native025_EP01_SC010_C001_T01_V001\render\beauty\C001_BEAUTY_0003.png'
00:40.969  render           | Saved: 'C:\tmp\0003.png'
00:41.781  render           | Saved: 'C:\Evidence\verification-output\パッケージ\Native025_EP01_SC010_C001_T01_V002\render\depth\C001_DEPTH_0001.exr'
00:41.781  render           | Saved: 'C:\Evidence\verification-output\パッケージ\Native025_EP01_SC010_C001_T01_V002\render\shadow\C001_SHADOW_0001.png'
00:41.797  render           | Saved: 'C:\Evidence\verification-output\パッケージ\Native025_EP01_SC010_C001_T01_V002\render\line\C001_LINE_0001.png'
00:41.813  render           | Saved: 'C:\Evidence\verification-output\パッケージ\Native025_EP01_SC010_C001_T01_V002\render\beauty\C001_BEAUTY_0001.png'
00:41.813  render           | Saved: 'C:\tmp\0001.png'
00:42.250  render           | Saved: 'C:\Evidence\verification-output\パッケージ\Native025_EP01_SC010_C001_T01_V002\render\depth\C001_DEPTH_0002.exr'
00:42.266  render           | Saved: 'C:\Evidence\verification-output\パッケージ\Native025_EP01_SC010_C001_T01_V002\render\shadow\C001_SHADOW_0002.png'
00:42.266  render           | Saved: 'C:\Evidence\verification-output\パッケージ\Native025_EP01_SC010_C001_T01_V002\render\beauty\C001_BEAUTY_0002.png'
00:42.281  render           | Saved: 'C:\Evidence\verification-output\パッケージ\Native025_EP01_SC010_C001_T01_V002\render\line\C001_LINE_0002.png'
00:42.297  render           | Saved: 'C:\tmp\0002.png'
00:42.703  render           | Saved: 'C:\Evidence\verification-output\パッケージ\Native025_EP01_SC010_C001_T01_V002\render\shadow\C001_SHADOW_0003.png'
00:42.766  render           | Saved: 'C:\Evidence\verification-output\パッケージ\Native025_EP01_SC010_C001_T01_V002\render\depth\C001_DEPTH_0003.exr'
00:42.766  render           | Saved: 'C:\Evidence\verification-output\パッケージ\Native025_EP01_SC010_C001_T01_V002\render\line\C001_LINE_0003.png'
00:42.797  render           | Saved: 'C:\Evidence\verification-output\パッケージ\Native025_EP01_SC010_C001_T01_V002\render\beauty\C001_BEAUTY_0003.png'
00:42.797  render           | Saved: 'C:\tmp\0003.png'
00:43.547  render           | Saved: 'C:\Evidence\verification-output\パッケージ\Native025_EP01_SC010_C001_T01_V003\render\shadow\C001_SHADOW_0001.png'
00:43.594  render           | Saved: 'C:\Evidence\verification-output\パッケージ\Native025_EP01_SC010_C001_T01_V003\render\depth\C001_DEPTH_0001.exr'
00:43.610  render           | Saved: 'C:\Evidence\verification-output\パッケージ\Native025_EP01_SC010_C001_T01_V003\render\beauty\C001_BEAUTY_0001.png'
00:43.625  render           | Saved: 'C:\Evidence\verification-output\パッケージ\Native025_EP01_SC010_C001_T01_V003\render\line\C001_LINE_0001.png'
00:43.625  render           | Saved: 'C:\tmp\0001.png'
00:44.078  render           | Saved: 'C:\Evidence\verification-output\パッケージ\Native025_EP01_SC010_C001_T01_V003\render\beauty\C001_BEAUTY_0002.png'
00:44.094  render           | Saved: 'C:\Evidence\verification-output\パッケージ\Native025_EP01_SC010_C001_T01_V003\render\shadow\C001_SHADOW_0002.png'
00:44.156  render           | Saved: 'C:\Evidence\verification-output\パッケージ\Native025_EP01_SC010_C001_T01_V003\render\depth\C001_DEPTH_0002.exr'
00:44.172  render           | Saved: 'C:\Evidence\verification-output\パッケージ\Native025_EP01_SC010_C001_T01_V003\render\line\C001_LINE_0002.png'
00:44.188  render           | Saved: 'C:\tmp\0002.png'
00:44.594  render           | Saved: 'C:\Evidence\verification-output\パッケージ\Native025_EP01_SC010_C001_T01_V003\render\shadow\C001_SHADOW_0003.png'
00:44.641  render           | Saved: 'C:\Evidence\verification-output\パッケージ\Native025_EP01_SC010_C001_T01_V003\render\depth\C001_DEPTH_0003.exr'
00:44.656  render           | Saved: 'C:\Evidence\verification-output\パッケージ\Native025_EP01_SC010_C001_T01_V003\render\beauty\C001_BEAUTY_0003.png'
00:44.672  render           | Saved: 'C:\Evidence\verification-output\パッケージ\Native025_EP01_SC010_C001_T01_V003\render\line\C001_LINE_0003.png'
00:44.672  render           | Saved: 'C:\tmp\0003.png'
00:45.016  blend            | Saved session recovery to "C:\Evidence\verification-output/tmp\quit.blend"
Info: Saved as "native025-V001.blend"

=== CutBridge Validation ===
[WARNING] HANDOFF_PRODUCER_ONLY: 3D handoff producer data is enabled; the current After Effects importer does not create camera/null layers yet. Fix: Use this data for S10 validation only until native AE reconstruction is approved.
============================

Warning: CutBridge: valid with 1 warning(s). Warning: 3D handoff producer data is enabled; the current After Effects importer does not create camera/null layers yet. Why: The workflow may continue, but this condition can affect the result. Can I continue? Yes, after reviewing the consequence. Fix: Use this data for S10 validation only until native AE reconstruction is approved. [EN] 3D handoff producer data is enabled; the current After Effects importer does not create camera/null layers yet. Fix: Use this data for S10 validation only until native AE reconstruction is approved.
CutBridge package: C:\Evidence\verification-output\パッケージ\Native025_EP01_SC010_C001_T01_V001
Info: CutBridge package created: C:\Evidence\verification-output\パッケージ\Native025_EP01_SC010_C001_T01_V001\cutbridge.json
Error: Existing Package Is Protected: This version already contains render/user data, so Build Package will not overwrite it. Why: CutBridge protects completed or in-progress package payload from destructive same-version rebuilds. Can I continue? Yes for rendering the already-built package; no for rebuilding this same version. Fix: Continue Render Animation without Build Package, or increment Version for a new revision. [EN] Package Native025_EP01_SC010_C001_T01_V001 contains render/user data (render/beauty/C001_BEAUTY_0001.png) and will not be overwritten. Fix: For a new revision, increment Version. To keep rendering this already-built version, do not run Build Package again.
Info: Saved as "native025-V002.blend"

=== CutBridge Validation ===
[WARNING] HANDOFF_PRODUCER_ONLY: 3D handoff producer data is enabled; the current After Effects importer does not create camera/null layers yet. Fix: Use this data for S10 validation only until native AE reconstruction is approved.
============================

Warning: CutBridge: valid with 1 warning(s). Warning: 3D handoff producer data is enabled; the current After Effects importer does not create camera/null layers yet. Why: The workflow may continue, but this condition can affect the result. Can I continue? Yes, after reviewing the consequence. Fix: Use this data for S10 validation only until native AE reconstruction is approved. [EN] 3D handoff producer data is enabled; the current After Effects importer does not create camera/null layers yet. Fix: Use this data for S10 validation only until native AE reconstruction is approved.
CutBridge package: C:\Evidence\verification-output\パッケージ\Native025_EP01_SC010_C001_T01_V002
Info: CutBridge package created: C:\Evidence\verification-output\パッケージ\Native025_EP01_SC010_C001_T01_V002\cutbridge.json
Error: Existing Package Is Protected: This version already contains render/user data, so Build Package will not overwrite it. Why: CutBridge protects completed or in-progress package payload from destructive same-version rebuilds. Can I continue? Yes for rendering the already-built package; no for rebuilding this same version. Fix: Continue Render Animation without Build Package, or increment Version for a new revision. [EN] Package Native025_EP01_SC010_C001_T01_V002 contains render/user data (render/beauty/C001_BEAUTY_0001.png) and will not be overwritten. Fix: For a new revision, increment Version. To keep rendering this already-built version, do not run Build Package again.
Info: Saved as "native025-V003.blend"

=== CutBridge Validation ===
[WARNING] HANDOFF_PRODUCER_ONLY: 3D handoff producer data is enabled; the current After Effects importer does not create camera/null layers yet. Fix: Use this data for S10 validation only until native AE reconstruction is approved.
============================

Warning: CutBridge: valid with 1 warning(s). Warning: 3D handoff producer data is enabled; the current After Effects importer does not create camera/null layers yet. Why: The workflow may continue, but this condition can affect the result. Can I continue? Yes, after reviewing the consequence. Fix: Use this data for S10 validation only until native AE reconstruction is approved. [EN] 3D handoff producer data is enabled; the current After Effects importer does not create camera/null layers yet. Fix: Use this data for S10 validation only until native AE reconstruction is approved.
CutBridge package: C:\Evidence\verification-output\パッケージ\Native025_EP01_SC010_C001_T01_V003
Info: CutBridge package created: C:\Evidence\verification-output\パッケージ\Native025_EP01_SC010_C001_T01_V003\cutbridge.json
Error: Existing Package Is Protected: This version already contains render/user data, so Build Package will not overwrite it. Why: CutBridge protects completed or in-progress package payload from destructive same-version rebuilds. Can I continue? Yes for rendering the already-built package; no for rebuilding this same version. Fix: Continue Render Animation without Build Package, or increment Version for a new revision. [EN] Package Native025_EP01_SC010_C001_T01_V003 contains render/user data (render/beauty/C001_BEAUTY_0001.png) and will not be overwritten. Fix: For a new revision, increment Version. To keep rendering this already-built version, do not run Build Package again.
Info: Saved as "native025-V003.blend"

Blender quit
