00:37.094  render           | Saved: 'C:\Evidence\verification-output\パッケージ\Native025_EP01_SC010_C001_T01_V001\render\shadow\C001_SHADOW_0001.png'
00:37.109  render           | Saved: 'C:\Evidence\verification-output\パッケージ\Native025_EP01_SC010_C001_T01_V001\render\line\C001_LINE_0001.png'
00:37.109  render           | Saved: 'C:\Evidence\verification-output\パッケージ\Native025_EP01_SC010_C001_T01_V001\render\beauty\C001_BEAUTY_0001.png'
00:37.156  render           | Saved: 'C:\Evidence\verification-output\パッケージ\Native025_EP01_SC010_C001_T01_V001\render\depth\C001_DEPTH_0001.exr'
00:37.172  render           | Saved: 'C:\tmp\0001.png'
00:37.609  render           | Saved: 'C:\Evidence\verification-output\パッケージ\Native025_EP01_SC010_C001_T01_V001\render\depth\C001_DEPTH_0002.exr'
00:37.609  render           | Saved: 'C:\Evidence\verification-output\パッケージ\Native025_EP01_SC010_C001_T01_V001\render\shadow\C001_SHADOW_0002.png'
00:37.625  render           | Saved: 'C:\Evidence\verification-output\パッケージ\Native025_EP01_SC010_C001_T01_V001\render\line\C001_LINE_0002.png'
00:37.641  render           | Saved: 'C:\Evidence\verification-output\パッケージ\Native025_EP01_SC010_C001_T01_V001\render\beauty\C001_BEAUTY_0002.png'
00:37.641  render           | Saved: 'C:\tmp\0002.png'
00:38.047  render           | Saved: 'C:\Evidence\verification-output\パッケージ\Native025_EP01_SC010_C001_T01_V001\render\depth\C001_DEPTH_0003.exr'
00:38.063  render           | Saved: 'C:\Evidence\verification-output\パッケージ\Native025_EP01_SC010_C001_T01_V001\render\shadow\C001_SHADOW_0003.png'
00:38.078  render           | Saved: 'C:\Evidence\verification-output\パッケージ\Native025_EP01_SC010_C001_T01_V001\render\line\C001_LINE_0003.png'
00:38.078  render           | Saved: 'C:\Evidence\verification-output\パッケージ\Native025_EP01_SC010_C001_T01_V001\render\beauty\C001_BEAUTY_0003.png'
00:38.094  render           | Saved: 'C:\tmp\0003.png'
00:38.875  render           | Saved: 'C:\Evidence\verification-output\パッケージ\Native025_EP01_SC010_C001_T01_V002\render\depth\C001_DEPTH_0001.exr'
00:38.891  render           | Saved: 'C:\Evidence\verification-output\パッケージ\Native025_EP01_SC010_C001_T01_V002\render\shadow\C001_SHADOW_0001.png'
00:38.906  render           | Saved: 'C:\Evidence\verification-output\パッケージ\Native025_EP01_SC010_C001_T01_V002\render\line\C001_LINE_0001.png'
00:38.922  render           | Saved: 'C:\Evidence\verification-output\パッケージ\Native025_EP01_SC010_C001_T01_V002\render\beauty\C001_BEAUTY_0001.png'
00:38.922  render           | Saved: 'C:\tmp\0001.png'
00:39.359  render           | Saved: 'C:\Evidence\verification-output\パッケージ\Native025_EP01_SC010_C001_T01_V002\render\depth\C001_DEPTH_0002.exr'
00:39.375  render           | Saved: 'C:\Evidence\verification-output\パッケージ\Native025_EP01_SC010_C001_T01_V002\render\shadow\C001_SHADOW_0002.png'
00:39.391  render           | Saved: 'C:\Evidence\verification-output\パッケージ\Native025_EP01_SC010_C001_T01_V002\render\beauty\C001_BEAUTY_0002.png'
00:39.391  render           | Saved: 'C:\Evidence\verification-output\パッケージ\Native025_EP01_SC010_C001_T01_V002\render\line\C001_LINE_0002.png'
00:39.406  render           | Saved: 'C:\tmp\0002.png'
00:39.781  render           | Saved: 'C:\Evidence\verification-output\パッケージ\Native025_EP01_SC010_C001_T01_V002\render\shadow\C001_SHADOW_0003.png'
00:39.813  render           | Saved: 'C:\Evidence\verification-output\パッケージ\Native025_EP01_SC010_C001_T01_V002\render\depth\C001_DEPTH_0003.exr'
00:39.828  render           | Saved: 'C:\Evidence\verification-output\パッケージ\Native025_EP01_SC010_C001_T01_V002\render\line\C001_LINE_0003.png'
00:39.844  render           | Saved: 'C:\Evidence\verification-output\パッケージ\Native025_EP01_SC010_C001_T01_V002\render\beauty\C001_BEAUTY_0003.png'
00:39.844  render           | Saved: 'C:\tmp\0003.png'
00:40.563  render           | Saved: 'C:\Evidence\verification-output\パッケージ\Native025_EP01_SC010_C001_T01_V003\render\shadow\C001_SHADOW_0001.png'
00:40.609  render           | Saved: 'C:\Evidence\verification-output\パッケージ\Native025_EP01_SC010_C001_T01_V003\render\depth\C001_DEPTH_0001.exr'
00:40.625  render           | Saved: 'C:\Evidence\verification-output\パッケージ\Native025_EP01_SC010_C001_T01_V003\render\beauty\C001_BEAUTY_0001.png'
00:40.641  render           | Saved: 'C:\Evidence\verification-output\パッケージ\Native025_EP01_SC010_C001_T01_V003\render\line\C001_LINE_0001.png'
00:40.641  render           | Saved: 'C:\tmp\0001.png'
00:41.031  render           | Saved: 'C:\Evidence\verification-output\パッケージ\Native025_EP01_SC010_C001_T01_V003\render\beauty\C001_BEAUTY_0002.png'
00:41.047  render           | Saved: 'C:\Evidence\verification-output\パッケージ\Native025_EP01_SC010_C001_T01_V003\render\shadow\C001_SHADOW_0002.png'
00:41.094  render           | Saved: 'C:\Evidence\verification-output\パッケージ\Native025_EP01_SC010_C001_T01_V003\render\depth\C001_DEPTH_0002.exr'
00:41.094  render           | Saved: 'C:\Evidence\verification-output\パッケージ\Native025_EP01_SC010_C001_T01_V003\render\line\C001_LINE_0002.png'
00:41.109  render           | Saved: 'C:\tmp\0002.png'
00:41.484  render           | Saved: 'C:\Evidence\verification-output\パッケージ\Native025_EP01_SC010_C001_T01_V003\render\shadow\C001_SHADOW_0003.png'
00:41.531  render           | Saved: 'C:\Evidence\verification-output\パッケージ\Native025_EP01_SC010_C001_T01_V003\render\depth\C001_DEPTH_0003.exr'
00:41.547  render           | Saved: 'C:\Evidence\verification-output\パッケージ\Native025_EP01_SC010_C001_T01_V003\render\beauty\C001_BEAUTY_0003.png'
00:41.563  render           | Saved: 'C:\Evidence\verification-output\パッケージ\Native025_EP01_SC010_C001_T01_V003\render\line\C001_LINE_0003.png'
00:41.563  render           | Saved: 'C:\tmp\0003.png'
00:41.875  blend            | Saved session recovery to "C:\Evidence\verification-output/tmp\quit.blend"
Info: Saved as "native025-V001.blend"

=== CutBridge Validation ===
[WARNING] HANDOFF_PRODUCER_ONLY: 3D handoff is enabled for supported perspective Camera and marked Empty samples; After Effects can reconstruct these as Camera and 3D Null layers. Fix: Use only supported camera/marker settings and verify reconstruction with Build and QC in the exact After Effects host being used.
============================

Warning: CutBridge: valid with 1 warning(s). Warning: 3D handoff is enabled for supported perspective Camera and marked Empty samples; After Effects can reconstruct these as Camera and 3D Null layers. Why: The workflow may continue, but this condition can affect the result. Can I continue? Yes, after reviewing the consequence. Fix: Use only supported camera/marker settings and verify reconstruction with Build and QC in the exact After Effects host being used. [EN] 3D handoff is enabled for supported perspective Camera and marked Empty samples; After Effects can reconstruct these as Camera and 3D Null layers. Fix: Use only supported camera/marker settings and verify reconstruction with Build and QC in the exact After Effects host being used.
CutBridge package: C:\Evidence\verification-output\パッケージ\Native025_EP01_SC010_C001_T01_V001
Info: CutBridge package created: C:\Evidence\verification-output\パッケージ\Native025_EP01_SC010_C001_T01_V001\cutbridge.json
Error: Existing Package Is Protected: This version already contains render/user data, so Build Package will not overwrite it. Why: CutBridge protects completed or in-progress package payload from destructive same-version rebuilds. Can I continue? Yes for rendering the already-built package; no for rebuilding this same version. Fix: Continue Render Animation without Build Package, or increment Version for a new revision. [EN] Package Native025_EP01_SC010_C001_T01_V001 contains render/user data (render/beauty/C001_BEAUTY_0001.png) and will not be overwritten. Fix: For a new revision, increment Version. To keep rendering this already-built version, do not run Build Package again.
Info: Saved as "native025-V002.blend"

=== CutBridge Validation ===
[WARNING] HANDOFF_PRODUCER_ONLY: 3D handoff is enabled for supported perspective Camera and marked Empty samples; After Effects can reconstruct these as Camera and 3D Null layers. Fix: Use only supported camera/marker settings and verify reconstruction with Build and QC in the exact After Effects host being used.
============================

Warning: CutBridge: valid with 1 warning(s). Warning: 3D handoff is enabled for supported perspective Camera and marked Empty samples; After Effects can reconstruct these as Camera and 3D Null layers. Why: The workflow may continue, but this condition can affect the result. Can I continue? Yes, after reviewing the consequence. Fix: Use only supported camera/marker settings and verify reconstruction with Build and QC in the exact After Effects host being used. [EN] 3D handoff is enabled for supported perspective Camera and marked Empty samples; After Effects can reconstruct these as Camera and 3D Null layers. Fix: Use only supported camera/marker settings and verify reconstruction with Build and QC in the exact After Effects host being used.
CutBridge package: C:\Evidence\verification-output\パッケージ\Native025_EP01_SC010_C001_T01_V002
Info: CutBridge package created: C:\Evidence\verification-output\パッケージ\Native025_EP01_SC010_C001_T01_V002\cutbridge.json
Error: Existing Package Is Protected: This version already contains render/user data, so Build Package will not overwrite it. Why: CutBridge protects completed or in-progress package payload from destructive same-version rebuilds. Can I continue? Yes for rendering the already-built package; no for rebuilding this same version. Fix: Continue Render Animation without Build Package, or increment Version for a new revision. [EN] Package Native025_EP01_SC010_C001_T01_V002 contains render/user data (render/beauty/C001_BEAUTY_0001.png) and will not be overwritten. Fix: For a new revision, increment Version. To keep rendering this already-built version, do not run Build Package again.
Info: Saved as "native025-V003.blend"

=== CutBridge Validation ===
[WARNING] HANDOFF_PRODUCER_ONLY: 3D handoff is enabled for supported perspective Camera and marked Empty samples; After Effects can reconstruct these as Camera and 3D Null layers. Fix: Use only supported camera/marker settings and verify reconstruction with Build and QC in the exact After Effects host being used.
============================

Warning: CutBridge: valid with 1 warning(s). Warning: 3D handoff is enabled for supported perspective Camera and marked Empty samples; After Effects can reconstruct these as Camera and 3D Null layers. Why: The workflow may continue, but this condition can affect the result. Can I continue? Yes, after reviewing the consequence. Fix: Use only supported camera/marker settings and verify reconstruction with Build and QC in the exact After Effects host being used. [EN] 3D handoff is enabled for supported perspective Camera and marked Empty samples; After Effects can reconstruct these as Camera and 3D Null layers. Fix: Use only supported camera/marker settings and verify reconstruction with Build and QC in the exact After Effects host being used.
CutBridge package: C:\Evidence\verification-output\パッケージ\Native025_EP01_SC010_C001_T01_V003
Info: CutBridge package created: C:\Evidence\verification-output\パッケージ\Native025_EP01_SC010_C001_T01_V003\cutbridge.json
Error: Existing Package Is Protected: This version already contains render/user data, so Build Package will not overwrite it. Why: CutBridge protects completed or in-progress package payload from destructive same-version rebuilds. Can I continue? Yes for rendering the already-built package; no for rebuilding this same version. Fix: Continue Render Animation without Build Package, or increment Version for a new revision. [EN] Package Native025_EP01_SC010_C001_T01_V003 contains render/user data (render/beauty/C001_BEAUTY_0001.png) and will not be overwritten. Fix: For a new revision, increment Version. To keep rendering this already-built version, do not run Build Package again.
Info: Saved as "native025-V003.blend"

Blender quit
