00:44.500  render           | Saved: 'C:\Evidence\verification-output\パッケージ\Native025_EP01_SC010_C001_T01_V001\render\shadow\C001_SHADOW_0001.png'
00:44.500  render           | Saved: 'C:\Evidence\verification-output\パッケージ\Native025_EP01_SC010_C001_T01_V001\render\line\C001_LINE_0001.png'
00:44.516  render           | Saved: 'C:\Evidence\verification-output\パッケージ\Native025_EP01_SC010_C001_T01_V001\render\beauty\C001_BEAUTY_0001.png'
00:44.578  render           | Saved: 'C:\Evidence\verification-output\パッケージ\Native025_EP01_SC010_C001_T01_V001\render\depth\C001_DEPTH_0001.exr'
00:44.578  render           | Saved: 'C:\tmp\0001.png'
00:45.031  render           | Saved: 'C:\Evidence\verification-output\パッケージ\Native025_EP01_SC010_C001_T01_V001\render\depth\C001_DEPTH_0002.exr'
00:45.047  render           | Saved: 'C:\Evidence\verification-output\パッケージ\Native025_EP01_SC010_C001_T01_V001\render\shadow\C001_SHADOW_0002.png'
00:45.047  render           | Saved: 'C:\Evidence\verification-output\パッケージ\Native025_EP01_SC010_C001_T01_V001\render\line\C001_LINE_0002.png'
00:45.063  render           | Saved: 'C:\Evidence\verification-output\パッケージ\Native025_EP01_SC010_C001_T01_V001\render\beauty\C001_BEAUTY_0002.png'
00:45.078  render           | Saved: 'C:\tmp\0002.png'
00:45.531  render           | Saved: 'C:\Evidence\verification-output\パッケージ\Native025_EP01_SC010_C001_T01_V001\render\depth\C001_DEPTH_0003.exr'
00:45.531  render           | Saved: 'C:\Evidence\verification-output\パッケージ\Native025_EP01_SC010_C001_T01_V001\render\shadow\C001_SHADOW_0003.png'
00:45.547  render           | Saved: 'C:\Evidence\verification-output\パッケージ\Native025_EP01_SC010_C001_T01_V001\render\line\C001_LINE_0003.png'
00:45.563  render           | Saved: 'C:\Evidence\verification-output\パッケージ\Native025_EP01_SC010_C001_T01_V001\render\beauty\C001_BEAUTY_0003.png'
00:45.563  render           | Saved: 'C:\tmp\0003.png'
00:46.328  render           | Saved: 'C:\Evidence\verification-output\パッケージ\Native025_EP01_SC010_C001_T01_V002\render\depth\C001_DEPTH_0001.exr'
00:46.344  render           | Saved: 'C:\Evidence\verification-output\パッケージ\Native025_EP01_SC010_C001_T01_V002\render\shadow\C001_SHADOW_0001.png'
00:46.344  render           | Saved: 'C:\Evidence\verification-output\パッケージ\Native025_EP01_SC010_C001_T01_V002\render\line\C001_LINE_0001.png'
00:46.359  render           | Saved: 'C:\Evidence\verification-output\パッケージ\Native025_EP01_SC010_C001_T01_V002\render\beauty\C001_BEAUTY_0001.png'
00:46.359  render           | Saved: 'C:\tmp\0001.png'
00:46.813  render           | Saved: 'C:\Evidence\verification-output\パッケージ\Native025_EP01_SC010_C001_T01_V002\render\depth\C001_DEPTH_0002.exr'
00:46.828  render           | Saved: 'C:\Evidence\verification-output\パッケージ\Native025_EP01_SC010_C001_T01_V002\render\shadow\C001_SHADOW_0002.png'
00:46.828  render           | Saved: 'C:\Evidence\verification-output\パッケージ\Native025_EP01_SC010_C001_T01_V002\render\beauty\C001_BEAUTY_0002.png'
00:46.844  render           | Saved: 'C:\Evidence\verification-output\パッケージ\Native025_EP01_SC010_C001_T01_V002\render\line\C001_LINE_0002.png'
00:46.844  render           | Saved: 'C:\tmp\0002.png'
00:47.313  render           | Saved: 'C:\Evidence\verification-output\パッケージ\Native025_EP01_SC010_C001_T01_V002\render\shadow\C001_SHADOW_0003.png'
00:47.359  render           | Saved: 'C:\Evidence\verification-output\パッケージ\Native025_EP01_SC010_C001_T01_V002\render\depth\C001_DEPTH_0003.exr'
00:47.375  render           | Saved: 'C:\Evidence\verification-output\パッケージ\Native025_EP01_SC010_C001_T01_V002\render\line\C001_LINE_0003.png'
00:47.375  render           | Saved: 'C:\Evidence\verification-output\パッケージ\Native025_EP01_SC010_C001_T01_V002\render\beauty\C001_BEAUTY_0003.png'
00:47.391  render           | Saved: 'C:\tmp\0003.png'
00:48.109  render           | Saved: 'C:\Evidence\verification-output\パッケージ\Native025_EP01_SC010_C001_T01_V003\render\shadow\C001_SHADOW_0001.png'
00:48.172  render           | Saved: 'C:\Evidence\verification-output\パッケージ\Native025_EP01_SC010_C001_T01_V003\render\depth\C001_DEPTH_0001.exr'
00:48.172  render           | Saved: 'C:\Evidence\verification-output\パッケージ\Native025_EP01_SC010_C001_T01_V003\render\beauty\C001_BEAUTY_0001.png'
00:48.188  render           | Saved: 'C:\Evidence\verification-output\パッケージ\Native025_EP01_SC010_C001_T01_V003\render\line\C001_LINE_0001.png'
00:48.188  render           | Saved: 'C:\tmp\0001.png'
00:48.656  render           | Saved: 'C:\Evidence\verification-output\パッケージ\Native025_EP01_SC010_C001_T01_V003\render\beauty\C001_BEAUTY_0002.png'
00:48.672  render           | Saved: 'C:\Evidence\verification-output\パッケージ\Native025_EP01_SC010_C001_T01_V003\render\shadow\C001_SHADOW_0002.png'
00:48.719  render           | Saved: 'C:\Evidence\verification-output\パッケージ\Native025_EP01_SC010_C001_T01_V003\render\depth\C001_DEPTH_0002.exr'
00:48.734  render           | Saved: 'C:\Evidence\verification-output\パッケージ\Native025_EP01_SC010_C001_T01_V003\render\line\C001_LINE_0002.png'
00:48.734  render           | Saved: 'C:\tmp\0002.png'
00:49.188  render           | Saved: 'C:\Evidence\verification-output\パッケージ\Native025_EP01_SC010_C001_T01_V003\render\shadow\C001_SHADOW_0003.png'
00:49.250  render           | Saved: 'C:\Evidence\verification-output\パッケージ\Native025_EP01_SC010_C001_T01_V003\render\depth\C001_DEPTH_0003.exr'
00:49.266  render           | Saved: 'C:\Evidence\verification-output\パッケージ\Native025_EP01_SC010_C001_T01_V003\render\beauty\C001_BEAUTY_0003.png'
00:49.281  render           | Saved: 'C:\Evidence\verification-output\パッケージ\Native025_EP01_SC010_C001_T01_V003\render\line\C001_LINE_0003.png'
00:49.281  render           | Saved: 'C:\tmp\0003.png'
00:49.656  blend            | Saved session recovery to "C:\Evidence\verification-output/tmp\quit.blend"
Info: Saved as "native025-V001.blend"

=== CutBridge Validation ===
[WARNING] HANDOFF_PRODUCER_ONLY: 3D handoff is enabled for supported perspective Camera and marked Empty samples; After Effects can reconstruct these as Camera and 3D Null layers. Fix: Use only supported camera/marker settings and verify reconstruction with Build and QC in the exact After Effects host being used.
============================

Warning: CutBridge: valid with 1 warning(s). Warning: 3D handoff is enabled for supported perspective Camera and marked Empty samples; After Effects can reconstruct these as Camera and 3D Null layers. Why: The workflow may continue, but this condition can affect the result. Can I continue? Yes, after reviewing the consequence. Fix: Use only supported camera/marker settings and verify reconstruction with Build and QC in the exact After Effects host being used. [EN] 3D handoff is enabled for supported perspective Camera and marked Empty samples; After Effects can reconstruct these as Camera and 3D Null layers. Fix: Use only supported camera/marker settings and verify reconstruction with Build and QC in the exact After Effects host being used.
CutBridge package: C:\Evidence\verification-output\パッケージ\Native025_EP01_SC010_C001_T01_V001
Info: CutBridge package created: C:\Evidence\verification-output\パッケージ\Native025_EP01_SC010_C001_T01_V001\cutbridge.json
Error: Existing Package Is Protected: This version already contains render/user data, so Build Package will not overwrite it. Why: CutBridge protects completed or in-progress package payload from destructive same-version rebuilds. Can I continue? Yes for rendering the already-built package; no for rebuilding this same version. Fix: Continue Render Animation without Build Package, or increment Version for a new revision. [EN] Package Native025_EP01_SC010_C001_T01_V001 contains render/user data (render/beauty/C001_BEAUTY_0001.png) and will not be overwritten. Fix: For a new revision, increment Version. To keep rendering this already-built version, do not run Build Package again.
Info: Saved as "native025-V002.blend"

=== CutBridge Validation ===
[WARNING] HANDOFF_PRODUCER_ONLY: 3D handoff is enabled for supported perspective Camera and marked Empty samples; After Effects can reconstruct these as Camera and 3D Null layers. Fix: Use only supported camera/marker settings and verify reconstruction with Build and QC in the exact After Effects host being used.
============================

Warning: CutBridge: valid with 1 warning(s). Warning: 3D handoff is enabled for supported perspective Camera and marked Empty samples; After Effects can reconstruct these as Camera and 3D Null layers. Why: The workflow may continue, but this condition can affect the result. Can I continue? Yes, after reviewing the consequence. Fix: Use only supported camera/marker settings and verify reconstruction with Build and QC in the exact After Effects host being used. [EN] 3D handoff is enabled for supported perspective Camera and marked Empty samples; After Effects can reconstruct these as Camera and 3D Null layers. Fix: Use only supported camera/marker settings and verify reconstruction with Build and QC in the exact After Effects host being used.
CutBridge package: C:\Evidence\verification-output\パッケージ\Native025_EP01_SC010_C001_T01_V002
Info: CutBridge package created: C:\Evidence\verification-output\パッケージ\Native025_EP01_SC010_C001_T01_V002\cutbridge.json
Error: Existing Package Is Protected: This version already contains render/user data, so Build Package will not overwrite it. Why: CutBridge protects completed or in-progress package payload from destructive same-version rebuilds. Can I continue? Yes for rendering the already-built package; no for rebuilding this same version. Fix: Continue Render Animation without Build Package, or increment Version for a new revision. [EN] Package Native025_EP01_SC010_C001_T01_V002 contains render/user data (render/beauty/C001_BEAUTY_0001.png) and will not be overwritten. Fix: For a new revision, increment Version. To keep rendering this already-built version, do not run Build Package again.
Info: Saved as "native025-V003.blend"

=== CutBridge Validation ===
[WARNING] HANDOFF_PRODUCER_ONLY: 3D handoff is enabled for supported perspective Camera and marked Empty samples; After Effects can reconstruct these as Camera and 3D Null layers. Fix: Use only supported camera/marker settings and verify reconstruction with Build and QC in the exact After Effects host being used.
============================

Warning: CutBridge: valid with 1 warning(s). Warning: 3D handoff is enabled for supported perspective Camera and marked Empty samples; After Effects can reconstruct these as Camera and 3D Null layers. Why: The workflow may continue, but this condition can affect the result. Can I continue? Yes, after reviewing the consequence. Fix: Use only supported camera/marker settings and verify reconstruction with Build and QC in the exact After Effects host being used. [EN] 3D handoff is enabled for supported perspective Camera and marked Empty samples; After Effects can reconstruct these as Camera and 3D Null layers. Fix: Use only supported camera/marker settings and verify reconstruction with Build and QC in the exact After Effects host being used.
CutBridge package: C:\Evidence\verification-output\パッケージ\Native025_EP01_SC010_C001_T01_V003
Info: CutBridge package created: C:\Evidence\verification-output\パッケージ\Native025_EP01_SC010_C001_T01_V003\cutbridge.json
Error: Existing Package Is Protected: This version already contains render/user data, so Build Package will not overwrite it. Why: CutBridge protects completed or in-progress package payload from destructive same-version rebuilds. Can I continue? Yes for rendering the already-built package; no for rebuilding this same version. Fix: Continue Render Animation without Build Package, or increment Version for a new revision. [EN] Package Native025_EP01_SC010_C001_T01_V003 contains render/user data (render/beauty/C001_BEAUTY_0001.png) and will not be overwritten. Fix: For a new revision, increment Version. To keep rendering this already-built version, do not run Build Package again.
Info: Saved as "native025-V003.blend"

Blender quit
